
> codegym@1.0.0 test
> jest --detectOpenHandles --forceExit

≡ƒÜÇ Setting up test database...
node.exe : (node:34344) [MONGODB DRIVER] Warning: useNewUrlParser is a deprecated option: useNewUrlParser has no 
effect since Node.js Driver version 4.0.0 and will be removed in the next major version
At C:\Program Files\nodejs\npm.ps1:29 char:3
+   & $NODE_EXE $NPM_CLI_JS $args
+   ~~~~~~~~~~~~~~~~~~~~~~~~~~~~~
    + CategoryInfo          : NotSpecified: ((node:34344) [M...t major version:String) [], RemoteException
    + FullyQualifiedErrorId : NativeCommandError
 
(Use `node --trace-warnings ...` to show where the warning was created)
(node:34344) [MONGODB DRIVER] Warning: useUnifiedTopology is a deprecated option: useUnifiedTopology has no effect 
since Node.js Driver version 4.0.0 and will be removed in the next major version
Γ£à Test database connected successfully
Γ£à Database ping successful
  console.log
    [dotenv@17.2.2] injecting env (7) from env.test -- tip: ΓÜÖ∩╕Å  override existing env vars with { override: true }

      at _log (node_modules/dotenv/lib/main.js:139:11)

  console.log
    [dotenv@17.2.2] injecting env (2) from .env.test -- tip: ΓÜÖ∩╕Å  load multiple .env files with { path: ['.env.local', '.env'] }

      at _log (node_modules/dotenv/lib/main.js:139:11)

  console.log
    [dotenv@17.2.2] injecting env (4) from .env -- tip: ≡ƒôí version env with Radar: https://dotenvx.com/radar

      at _log (node_modules/dotenv/lib/main.js:139:11)

  console.log
    [dotenv@17.2.2] injecting env (0) from .env -- tip: ≡ƒôí observe env with Radar: https://dotenvx.com/radar

      at _log (node_modules/dotenv/lib/main.js:139:11)

  console.log
    ≡ƒº¬ Setting up test environment...

      at Object.log (tests/setup.js:24:11)

  console.log
    Γ£à ─É├ú kß║┐t nß╗æi MongoDB Cloud th├ánh c├┤ng!

      at Object.log (tests/integration/loginApi.test.js:48:15)

  console.log
    Γ£à ─É├ú tß║ío test user: testuser@example.com

      at Object.log (tests/integration/loginApi.test.js:70:13)

  console.log
    POST /api/login response: {
      "success": true,
      "message": "─É─âng nhß║¡p th├ánh c├┤ng",
      "data": {
        "token": "eyJhbGciOiJIUzI1NiIsInR5cCI6IkpXVCJ9.eyJ1c2VySWQiOiI2OTAwMjhmNmI0ZTBjM2M5N2NkNjY3MzciLCJlbWFpbCI6InRlc3R1c2VyQGV4YW1wbGUuY29tIiwidXNlcm5hbWUiOiJ0ZXN0dXNlciIsInJvbGVzIjpbXSwiaWF0IjoxNzYxNjE4MTY3LCJleHAiOjE3NjE3MDQ1Njd9.xzEiJ2CJIWEenvBsESXsLEvldRU1yLsjGzsZ0QS6McE",
        "refreshToken": "eyJhbGciOiJIUzI1NiIsInR5cCI6IkpXVCJ9.eyJ1c2VySWQiOiI2OTAwMjhmNmI0ZTBjM2M5N2NkNjY3MzciLCJlbWFpbCI6InRlc3R1c2VyQGV4YW1wbGUuY29tIiwidXNlcm5hbWUiOiJ0ZXN0dXNlciIsInJvbGVzIjpbXSwiaWF0IjoxNzYxNjE4MTY3LCJleHAiOjE3NjIyMjI5Njd9.8S-KnzmQqI5d7eSZg8W00b83g3VaRctdosJqxrPw6Ks",
        "user": {
          "id": "690028f6b4e0c3c97cd66737",
          "email": "testuser@example.com",
          "username": "testuser",
          "full_name": "Test User",
          "status": "active",
          "roles": []
        }
      }
    }

      at Object.log (tests/integration/loginApi.test.js:97:15)

  console.log
    Γ£à ─É├ú tß║ío test user: testuser@example.com

      at Object.log (tests/integration/loginApi.test.js:70:13)

  console.log
    POST /api/login response: {
      "success": false,
      "error": "T├ái khoß║ún hoß║╖c mß║¡t khß║⌐u kh├┤ng ─æ├║ng",
      "message": "Vui l├▓ng kiß╗âm tra lß║íi th├┤ng tin ─æ─âng nhß║¡p"
    }

      at Object.log (tests/integration/loginApi.test.js:113:15)

  console.log
    Γ£à ─É├ú tß║ío test user: testuser@example.com

      at Object.log (tests/integration/loginApi.test.js:70:13)

  console.log
    POST /api/login response: {
      "success": false,
      "error": "T├ái khoß║ún hoß║╖c mß║¡t khß║⌐u kh├┤ng ─æ├║ng",
      "message": "Vui l├▓ng kiß╗âm tra lß║íi th├┤ng tin ─æ─âng nhß║¡p"
    }

      at Object.log (tests/integration/loginApi.test.js:131:15)

  console.log
    Γ£à ─É├ú tß║ío test user: testuser@example.com

      at Object.log (tests/integration/loginApi.test.js:70:13)

  console.log
    POST /api/login response: {
      "success": false,
      "error": "Login v├á password l├á bß║»t buß╗Öc",
      "message": "Vui l├▓ng nhß║¡p ─æß║ºy ─æß╗º th├┤ng tin ─æ─âng nhß║¡p"
    }

      at Object.log (tests/integration/loginApi.test.js:149:15)

  console.log
    ≡ƒº╣ ─É├ú ─æ├│ng kß║┐t nß╗æi MongoDB v├á server HTTP.

      at Object.log (tests/integration/loginApi.test.js:84:15)

  console.log
    ≡ƒº╣ Cleaning up test environment...

      at Object.log (tests/setup.js:28:11)

PASS tests/integration/loginApi.test.js
  ≡ƒö╣ Integration Test: /api/login (MongoDB Cloud)
    POST /api/login
      ΓêÜ Γ£à ─É─âng nhß║¡p th├ánh c├┤ng vß╗¢i email v├á password ─æ├║ng (639 ms)
      ΓêÜ Γ¥î ─É─âng nhß║¡p thß║Ñt bß║íi khi email kh├┤ng tß╗ôn tß║íi (215 ms)
      ΓêÜ Γ¥î ─É─âng nhß║¡p thß║Ñt bß║íi khi password sai (234 ms)
      ΓêÜ Γ¥î ─É─âng nhß║¡p thß║Ñt bß║íi khi thiß║┐u email hoß║╖c password (153 ms)

  console.log
    [dotenv@17.2.2] injecting env (7) from env.test -- tip: ΓÜÖ∩╕Å  enable debug logging with { debug: true }

      at _log (node_modules/dotenv/lib/main.js:139:11)

  console.log
    ≡ƒº¬ Setting up test environment...

      at Object.log (tests/setup.js:24:11)

  console.log
    Γ£à Created test board: 690028f9305e33dda4860aad

      at Object.log (tests/integration/boardApi.test.js:87:15)

  console.log
    Γ£à Created template for cloning: 690028f9305e33dda4860abb

      at Object.log (tests/integration/boardApi.test.js:196:17)

  console.log
    ΓÜÖ∩╕Å Configure settings response:

      at Object.log (tests/integration/boardApi.test.js:289:15)

  console.log
      Status: 200

      at Object.log (tests/integration/boardApi.test.js:290:15)

  console.log
      Success: true

      at Object.log (tests/integration/boardApi.test.js:291:15)

  console.log
      Message: Cß║Ñu h├¼nh board th├ánh c├┤ng

      at Object.log (tests/integration/boardApi.test.js:292:15)

  console.log
      Error: undefined

      at Object.log (tests/integration/boardApi.test.js:293:15)

  console.log
    ≡ƒôè Board saved to database: new ObjectId('690028fa305e33dda4860ae5')

      at Object.log (tests/integration/boardApi.test.js:334:15)

  console.log
    ≡ƒôè Test data preserved in database

      at Object.log (tests/integration/boardApi.test.js:57:13)

  console.log
    ≡ƒöì You can inspect the data in MongoDB

      at Object.log (tests/integration/boardApi.test.js:58:13)

  console.log
    ≡ƒº╣ Cleaning up test environment...

      at Object.log (tests/setup.js:28:11)

PASS tests/integration/boardApi.test.js
  ≡ƒö╣ Board API Integration Tests
    POST /api/boards - Create Board
      ΓêÜ Γ£à should create board with real data (439 ms)
      ΓêÜ Γ¥î should reject board without title (8 ms)
    GET /api/boards/my - List My Boards
      ΓêÜ Γ£à should return user's boards from database (150 ms)
    GET /api/boards/:id - Get Board Detail
      ΓêÜ Γ£à should return board detail from database (38 ms)
      ΓêÜ Γ¥î should return 404 for non-existent board (37 ms)
    PUT /api/boards/:id - Update Board
      ΓêÜ Γ£à should update board in database (123 ms)
      ΓêÜ Γ£à should verify update in database (36 ms)
    POST /api/boards/clone/:templateId - Clone Board
      ΓêÜ Γ£à should clone board from template (309 ms)
      ΓêÜ Γ¥î should reject clone without title (7 ms)
    PUT /api/boards/:id/settings - Configure Settings
      ΓêÜ Γ£à should configure board settings (350 ms)
    Database Operations
      ΓêÜ Γ£à should handle database connection
      ΓêÜ Γ£à should create and query boards (68 ms)
    Error Handling with Real Database
      ΓêÜ Γ¥î should handle invalid ObjectId (6 ms)
      ΓêÜ Γ¥î should handle database connection issues gracefully (150 ms)

  console.log
    [dotenv@17.2.2] injecting env (7) from env.test -- tip: ≡ƒöÉ prevent building .env in docker: https://dotenvx.com/prebuild

      at _log (node_modules/dotenv/lib/main.js:139:11)

  console.log
    [dotenv@17.2.2] injecting env (2) from .env.test -- tip: ≡ƒöÉ prevent committing .env to code: https://dotenvx.com/precommit

      at _log (node_modules/dotenv/lib/main.js:139:11)

  console.log
    ≡ƒº¬ Setting up test environment...

      at Object.log (tests/setup.js:24:11)

  console.log
    Γ£à ─É├ú kß║┐t nß╗æi MongoDB Cloud th├ánh c├┤ng!

      at Object.log (tests/integration/userApi.test.js:98:15)

  console.log
    POST /api/user response: {
      "success": true,
      "message": "User created successfully",
      "data": {
        "email": "newbie@example.com",
        "username": "newbie",
        "password_hash": "$2b$10$BS8AdErJ7tq/nVeZgl7aNOKkB9dc.H6qqX82Ptd7Dpr2cz58dky2C",
        "full_name": "Newbie User",
        "status": "active",
        "typeAccount": "SSO",
        "idSSO": "keycloak123",
        "deleted_at": null,
        "_id": "690028fb4879f716aae4a9a5",
        "created_at": "2025-10-28T02:22:51.588Z",
        "updated_at": "2025-10-28T02:22:51.588Z",
        "__v": 0
      },
      "roles": [
        "user"
      ]
    }

      at Object.log (tests/integration/userApi.test.js:149:15)

  console.log
    POST /api/role response: {
      "success": true,
      "message": "Tß║ío role th├ánh c├┤ng",
      "data": {
        "name": "test-role-1761618172186",
        "description": "Role ng╞░ß╗¥i d├╣ng",
        "_id": "690028fc4879f716aae4a9ba",
        "createdAt": "2025-10-28T02:22:52.192Z",
        "updatedAt": "2025-10-28T02:22:52.192Z",
        "__v": 0,
        "id": "690028fc4879f716aae4a9ba"
      }
    }

      at Object.log (tests/integration/userApi.test.js:182:15)

  console.log
    ≡ƒº╣ ─É├ú ─æ├│ng kß║┐t nß╗æi MongoDB sau khi test xong.

      at Object.log (tests/integration/userApi.test.js:132:15)

  console.log
    ≡ƒº╣ Cleaning up test environment...

      at Object.log (tests/setup.js:28:11)

PASS tests/integration/userApi.test.js
  ≡ƒö╣ Integration Test: /api (MongoDB Cloud)
    POST /api/user
      ΓêÜ Γ£à Tß║ío user mß╗¢i (683 ms)
    GET /api/user/selectAll
      ΓêÜ Γ£à Trß║ú danh s├ích ng╞░ß╗¥i d├╣ng (279 ms)
    POST /api/role
      ΓêÜ Γ£à Tß║ío role mß╗¢i (303 ms)

  console.log
    [dotenv@17.2.2] injecting env (7) from env.test -- tip: ≡ƒöÉ prevent committing .env to code: https://dotenvx.com/precommit

      at _log (node_modules/dotenv/lib/main.js:139:11)

  console.log
    [dotenv@17.2.2] injecting env (5) from .env -- tip: ≡ƒôí auto-backup env with Radar: https://dotenvx.com/radar

      at _log (node_modules/dotenv/lib/main.js:139:11)

  console.log
    [dotenv@17.2.2] injecting env (0) from .env -- tip: ≡ƒôí version env with Radar: https://dotenvx.com/radar

      at _log (node_modules/dotenv/lib/main.js:139:11)

  console.log
    [dotenv@17.2.2] injecting env (1) from .env.test -- tip: ≡ƒöÉ encrypt with Dotenvx: https://dotenvx.com

      at _log (node_modules/dotenv/lib/main.js:139:11)

  console.log
    ≡ƒº¬ Setting up test environment...

      at Object.log (tests/setup.js:24:11)

  console.log
    ≡ƒÜÇ Kß║┐t nß╗æi MongoDB Cloud...

      at Object.log (tests/integration/logout.test.js:58:11)

  console.log
    Γ£à ─É├ú kß║┐t nß╗æi MongoDB Cloud th├ánh c├┤ng!

      at Object.log (tests/integration/logout.test.js:70:11)

  console.log
    POST /api/logout response: {
      success: true,
      message: '─É─âng xuß║Ñt th├ánh c├┤ng. Token ─æ├ú bß╗ï thu hß╗ôi.'
    }

      at Object.log (tests/integration/logout.test.js:110:13)

  console.log
    ≡ƒº╣ Cleaning up test environment...

      at Object.log (tests/setup.js:28:11)

  console.log
    ≡ƒº╣ ─É├ú ─æ├│ng kß║┐t nß╗æi MongoDB v├á server HTTP.

      at Object.log (tests/integration/logout.test.js:95:11)

PASS tests/integration/logout.test.js
  ≡ƒö╣ Integration Test: /api/logout (MongoDB Cloud)
    ΓêÜ Γ£à ─É─âng xuß║Ñt th├ánh c├┤ng khi cung cß║Ñp token hß╗úp lß╗ç (20 ms)
    ΓêÜ Γ¥î ─É─âng xuß║Ñt thß║Ñt bß║íi khi kh├┤ng gß╗¡i access token (7 ms)
    ΓêÜ Γ¥î ─É─âng xuß║Ñt thß║Ñt bß║íi khi token ─æ├ú bß╗ï thu hß╗ôi (9 ms)

  console.log
    [dotenv@17.2.2] injecting env (7) from env.test -- tip: ≡ƒöÉ encrypt with Dotenvx: https://dotenvx.com

      at _log (node_modules/dotenv/lib/main.js:139:11)

  console.log
    ≡ƒº¬ Setting up test environment...

      at Object.log (tests/setup.js:24:11)

  console.log
    ≡ƒº╣ Cleaning up test environment...

      at Object.log (tests/setup.js:28:11)

PASS tests/unit/user.test.js
  ≡ƒö╣ User Routes Unit Tests
    GET /api/user/me
      ΓêÜ Γ£à should return user profile when authenticated (9 ms)
    POST /api/user/getprofile
      ΓêÜ Γ£à should return user profile (8 ms)
    PUT /api/user/updateMyProfile
      ΓêÜ Γ£à should update user profile successfully (9 ms)
      ΓêÜ Γ£à should handle empty update data (7 ms)
    PUT /api/user/change-password
      ΓêÜ Γ£à should change password successfully (10 ms)
      ΓêÜ Γ£à should handle missing password data (6 ms)
    Error Handling
      ΓêÜ Γ£à should handle invalid JSON (11 ms)
    Response Format
      ΓêÜ Γ£à should return consistent response format (10 ms)

  console.log
    [dotenv@17.2.2] injecting env (7) from env.test -- tip: ≡ƒôí auto-backup env with Radar: https://dotenvx.com/radar

      at _log (node_modules/dotenv/lib/main.js:139:11)

  console.log
    [dotenv@17.2.2] injecting env (5) from .env -- tip: ≡ƒôí version env with Radar: https://dotenvx.com/radar

      at _log (node_modules/dotenv/lib/main.js:139:11)

  console.log
    ≡ƒº¬ Setting up test environment...

      at Object.log (tests/setup.js:24:11)

  console.log
    ≡ƒº╣ Cleaning up test environment...

      at Object.log (tests/setup.js:28:11)

PASS tests/middlewares/auth.test.js
  Middleware: authenticateAny
    ΓêÜ Γ£à Cho ph├⌐p truy cß║¡p khi JWT local hß╗úp lß╗ç (10 ms)
    ΓêÜ Γ¥î Tß╗½ chß╗æi khi thiß║┐u token (9 ms)
    ΓêÜ Γ£à Cho ph├⌐p x├íc thß╗▒c bß║▒ng Keycloak khi JWT local sai (8 ms)
  Middleware: authorizeAny
    ΓêÜ Γ£à Cho ph├⌐p truy cß║¡p khi c├│ quyß╗ün (11 ms)
    ΓêÜ Γ¥î Cß║Ñm truy cß║¡p khi kh├┤ng c├│ quyß╗ün (5 ms)

Test Suites: 6 passed, 6 total
Tests:       37 passed, 37 total
Snapshots:   0 total
Time:        7.821 s
Ran all test suites.
≡ƒº╣ Cleaning up test database connections...
≡ƒôè Database collections preserved
Γ£à Test data kept for inspection
Γ£à Test database connection closed
